// Jest Snapshot v1, https://goo.gl/fbAQLP

exports[`babel-preset-kyt-core should load default presets and plugins 1`] = `
Object {
  "plugins": Array [
    Array [
      "proposal-decorators",
      Object {
        "legacy": true,
      },
    ],
    Array [
      "class-properties",
      Object {
        "loose": true,
      },
    ],
    "optional-chaining",
    "import",
  ],
  "presets": Array [
    Array [
      "env",
      Object {
        "corejs": 3,
        "forceAllTransforms": true,
        "modules": "commonjs",
        "targets": Object {
          "browsers": Array [
            ">1%",
            "last 4 versions",
            "not ie < 11",
          ],
        },
        "useBuiltIns": "entry",
      },
    ],
  ],
}
`;
